// Jest Snapshot v1, https://goo.gl/fbAQLP

exports[`renders properly 1`] = `"<rctscrollview data=\\"[object Object],[object Object]\\" listheadercomponent=\\"[object Object]\\" initialnumtorender=\\"10\\" maxtorenderperbatch=\\"10\\" scrolleventthrottle=\\"50\\" updatecellsbatchingperiod=\\"50\\" windowsize=\\"21\\" numcolumns=\\"1\\" viewabilityconfigcallbackpairs=\\"\\" stickyheaderindices=\\"\\"><view><view><aropaqueimageview imageurl=\\"https://d32dm0rphc51dk.cloudfront.net/o0Zrtm-CgwbV1syD_33DuA/square.jpg\\" aspectratio=\\"1\\" width=\\"750\\"><view></view><image source=\\"[object Object]\\"></image></aropaqueimageview><view m=\\"1\\"></view><text font-family=\\"AGaramondPro-Semibold\\" font-size=\\"22px\\" lineheight=\\"28px\\" class=\\"sc-bwzfXH uTxCW\\" textalign=\\"center\\" ellipsizemode=\\"tail\\">SOFA CHICAGO 2018</text><text font-family=\\"AGaramondPro-Regular\\" font-size=\\"16px\\" lineheight=\\"24px\\" class=\\"sc-bwzfXH uTxCW\\" textalign=\\"center\\" ellipsizemode=\\"tail\\">Nov 1st - Nov 4th</text><view px=\\"2\\"><view m=\\"2\\"></view><view style=\\"justify-content: center; align-items: center; border-width: 1px; border-radius: 2px; height: 46px; background-color: rgb(51, 51, 51); opacity: 1;\\"><text font-family=\\"Unica77LL-Medium\\" font-size=\\"14px\\" lineheight=\\"24px\\" class=\\"sc-bdVaJa bDWFJH\\" color=\\"white\\" ellipsizemode=\\"tail\\">Save</text></view><view m=\\"2\\"></view><text font-family=\\"AGaramondPro-Regular\\" font-size=\\"14px\\" lineheight=\\"18px\\" class=\\"sc-bwzfXH uTxCW\\" ellipsizemode=\\"tail\\">The Sculpture Objects Functional Art and Design (SOFA) Fair in Chicago is the premier gallery-presented art fair dedicated to three-dimensional art and design. On par with Art Basel and TEFAF Maastricht, SOFA is produced by Urban Expositions, a Clarion Events company.</text><view m=\\"1\\"></view><view alignitems=\\"center\\" justifycontent=\\"space-between\\" flexdirection=\\"row\\" height=\\"36\\"><text font-family=\\"AvantGardeGothicITC\\" font-size=\\"14px\\" lineheight=\\"18px\\" class=\\"sc-htpNat KtFsv\\" ellipsizemode=\\"tail\\">More Information</text><image source=\\"[object Object]\\"></image></view></view><view py=\\"2\\" px=\\"2\\"><view width=\\"100%\\"></view></view></view><view><view px=\\"2\\"><view><view justifycontent=\\"space-between\\" alignitems=\\"center\\" flexdirection=\\"row\\"><text font-family=\\"Unica77LL-Regular\\" font-size=\\"16px\\" lineheight=\\"26px\\" class=\\"sc-bdVaJa bDWFJH\\" ellipsizemode=\\"tail\\">Hours</text><view style=\\"justify-content: center; align-items: center; border-width: 1px; border-radius: 2px; height: 46px; background-color: rgb(255, 255, 255); opacity: 1; padding-left: 20px; padding-right: 20px;\\"><text font-family=\\"Unica77LL-Medium\\" font-size=\\"14px\\" lineheight=\\"24px\\" class=\\"sc-bdVaJa bDWFJH\\" color=\\"black\\" ellipsizemode=\\"tail\\">Tap to Expand</text></view></view></view></view><view py=\\"2\\" px=\\"2\\"><view width=\\"100%\\"></view></view></view><view><view px=\\"2\\"><view mt=\\"2\\" mb=\\"0.5\\"><view my=\\"2\\"><text font-family=\\"Unica77LL-Medium\\" font-size=\\"14px\\" lineheight=\\"24px\\" class=\\"sc-bdVaJa bDWFJH\\" color=\\"black100\\" textalign=\\"center\\" ellipsizemode=\\"tail\\">SOFA CHICAGO</text></view></view></view></view><view style=\\"height: 0px;\\"></view></view></rctscrollview>"`;
